******************************************************************************
                  TI ARM Linker PC v18.12.4                    
******************************************************************************
>> Linked Mon Jun  8 01:16:40 2020

OUTPUT FILE NAME:   <../../../output/FlixCNCProject/Release/FlixCNCProject.out>
ENTRY POINT SYMBOL: "Entry"  address: 80000000


MEMORY CONFIGURATION

         name            origin    length      used     unused   attr    fill
----------------------  --------  ---------  --------  --------  ----  --------
  IRAM_MEM              402f0400   0001fbff  00000000  0001fbff  RWIX
  DDR_MEM               80000000   10000000  0c097cbf  03f68341  RWIX


SEGMENT ALLOCATION MAP

run origin  load origin   length   init length attrs members
----------  ----------- ---------- ----------- ----- -------
80000000    80000000    000132c8   000132c8    r-x
  80000000    80000000    000000d0   000000d0    r-x .text:Entry
  800000d0    800000d0    000127d4   000127d4    r-x .text
  800128a8    800128a8    00000a20   00000a20    r-- .const
800132e0    800132e0    00000670   00000670    rw-
  800132e0    800132e0    00000670   00000670    rw- .data
80014000    80014000    0c004390   00000000    rw-
  80014000    80014000    0000438b   00000000    rw- .bss
  80018390    80018390    0c000000   00000000    rw- .sysmem
8ff80000    8ff80000    00080000   00000000    rw-
  8ff80000    8ff80000    00080000   00000000    rw- .stack


SECTION ALLOCATION MAP

 output                                  attributes/
section   page    origin      length       input sections
--------  ----  ----------  ----------   ----------------
.text:Entry 
*          0    80000000    000000d0     
                  80000000    000000c8     system.lib : init.obj (.text:Entry)
                  800000c8    00000008     rtsv7A8_A_le_n_v3_eabi.lib : autoinit.c.obj (.tramp.__TI_auto_init_nobinit_nopinit.1)

.text      0    800000d0    000127d4     
                  800000d0    00002160     ff.obj (.text)
                  80002230    00001508     stepper.obj (.text)
                  80003738    0000132c     planner.obj (.text)
                  80004a64    00000f50     utils.lib : uartStdio.obj (.text)
                  800059b4    00000e70     drivers.lib : uart_irda_cir.obj (.text)
                  80006824    00000c44     displayio.obj (.text)
                  80007468    00000b0c     main.obj (.text)
                  80007f74    00000880     mmcsd.lib : mmcsd_proto.obj (.text)
                  800087f4    000007e4     rtsv7A8_A_le_n_v3_eabi.lib : e_pow.c.obj (.text:pow)
                  80008fd8    00000798                                : k_rem_pio2.c.obj (.text:__kernel_rem_pio2)
                  80009770    00000790     st7735s.obj (.text)
                  80009f00    00000610     textview.obj (.text)
                  8000a510    00000578     drivers.lib : hs_mmcsd.obj (.text)
                  8000aa88    00000568                 : mcspi.obj (.text)
                  8000aff0    00000550     rtsv7A8_A_le_n_v3_eabi.lib : strtod.c.obj (.text:strtod)
                  8000b540    00000538     platform.lib : dmtimer.obj (.text)
                  8000ba78    00000508     progressbar.obj (.text)
                  8000bf80    000004fc     sdcard_conf.obj (.text)
                  8000c47c    000004c8     drivers.lib : hsi2c.obj (.text)
                  8000c944    000004b4     rtsv7A8_A_le_n_v3_eabi.lib : s_cos.c.obj (.text:cos)
                  8000cdf8    000004b4                                : s_sin.c.obj (.text:sin)
                  8000d2ac    00000488     system.lib : cp15.obj (.text)
                  8000d734    00000468     network.obj (.text)
                  8000db9c    0000045c     drivers.lib : gpio_v2.obj (.text)
                  8000dff8    0000044c                 : dmtimer.obj (.text)
                  8000e444    0000037c     i2c_port2.obj (.text)
                  8000e7c0    00000340     frame.obj (.text)
                  8000eb00    000002c4     interpreter.obj (.text)
                  8000edc4    000002bc     imageview.obj (.text)
                  8000f080    000002b0     system.obj (.text)
                  8000f330    0000029c     utils.lib : ascii.obj (.text)
                  8000f5cc    00000274     system.lib : interrupt.obj (.text)
                  8000f840    00000261     mmcsd.lib : hs_mmcsdlib.obj (.text)
                  8000faa1    00000003     --HOLE-- [fill = 0]
                  8000faa4    0000025c     rtsv7A8_A_le_n_v3_eabi.lib : e_atan2.c.obj (.text:atan2)
                  8000fd00    00000224     mcspi_port1.obj (.text)
                  8000ff24    00000210     rtsv7A8_A_le_n_v3_eabi.lib : vla_alloc.c.obj (.text:__vla_alloc)
                  80010134    00000208                                : s_atan.c.obj (.text:atan)
                  8001033c    000001f4                                : strtol.c.obj (.text:strtol)
                  80010530    000001f0                                : e_hypot.c.obj (.text:hypot)
                  80010720    000001c4     platform.lib : sysdelay.obj (.text)
                  800108e4    000001c4                  : uart.obj (.text)
                  80010aa8    000001c4     utils.lib : consoleUtils.obj (.text)
                  80010c6c    000001c0     platform.lib : gpio.obj (.text)
                  80010e2c    000001ac     rtsv7A8_A_le_n_v3_eabi.lib : memory.c.obj (.text:aligned_alloc)
                  80010fd8    00000180                                : memcpy32.asm.obj (.text)
                  80011158    00000174                                : memory.c.obj (.text:free)
                  800112cc    0000014c                                : memory.c.obj (.text:realloc)
                  80011418    00000140                                : s_floor.c.obj (.text:floor)
                  80011558    00000138                                : s_ceil.c.obj (.text:ceil)
                  80011690    0000012c     platform.lib : mcspi.obj (.text)
                  800117bc    00000124     rtsv7A8_A_le_n_v3_eabi.lib : s_scalbn.c.obj (.text:scalbn)
                  800118e0    00000120     diskio.obj (.text)
                  80011a00    00000114     rtsv7A8_A_le_n_v3_eabi.lib : i_div32.asm.obj (.text)
                  80011b14    0000010c     system.lib : exceptionhandler.obj (.text)
                  80011c20    000000f0     rtsv7A8_A_le_n_v3_eabi.lib : u_div32.asm.obj (.text)
                  80011d10    000000d4     mcspi_port0.obj (.text)
                  80011de4    000000c8     rtsv7A8_A_le_n_v3_eabi.lib : k_sin.c.obj (.text:__kernel_sin)
                  80011eac    000000c4                                : vla_alloc.c.obj (.text:_ZN33_INTERNAL_11_vla_alloc_c_be8bd49b21free_dead_allocationsEPv)
                  80011f70    000000c4                                : k_cos.c.obj (.text:__kernel_cos)
                  80012034    000000bc                                : vla_alloc.c.obj (.text:__vla_dealloc)
                  800120f0    000000b8     platform.lib : uartConsole.obj (.text)
                  800121a8    000000b4     system.lib : mmu.obj (.text)
                  8001225c    000000b0     rtsv7A8_A_le_n_v3_eabi.lib : memset32.asm.obj (.text)
                  8001230c    000000b0                                : memory.c.obj (.text:split)
                  800123bc    000000a0     mmu_conf.obj (.text)
                  8001245c    00000088     rtsv7A8_A_le_n_v3_eabi.lib : s_round.c.obj (.text:round)
                  800124e4    00000080     system.lib : cache.obj (.text)
                  80012564    00000068     rtsv7A8_A_le_n_v3_eabi.lib : autoinit.c.obj (.text:__TI_auto_init_nobinit_nopinit:__TI_auto_init_nobinit_nopinit)
                  800125cc    00000060     system.lib : cpu.obj (.text)
                  8001262c    00000058     platform.lib : hs_mmcsd.obj (.text)
                  80012684    00000040     rtsv7A8_A_le_n_v3_eabi.lib : memory.c.obj (.text:free_list_insert)
                  800126c4    0000003c     crc16.obj (.text)
                  80012700    00000038     rtsv7A8_A_le_n_v3_eabi.lib : e_sqrt.c.obj (.text:sqrt)
                  80012738    00000038     system.lib : startup.obj (.text)
                  80012770    00000034     rtsv7A8_A_le_n_v3_eabi.lib : memcmp.c.obj (.text:memcmp)
                  800127a4    00000030                                : memory.c.obj (.text:free_list_remove)
                  800127d4    00000028                                : strchr.c.obj (.text:strchr)
                  800127fc    00000020     color.obj (.text)
                  8001281c    00000020     rtsv7A8_A_le_n_v3_eabi.lib : s_copysign.c.obj (.text:copysign)
                  8001283c    0000001c     utils.obj (.text)
                  80012858    00000014     internal_font.obj (.text)
                  8001286c    0000000c     system.lib : cpu.obj (.text:CPUIntStatus)
                  80012878    0000000c     rtsv7A8_A_le_n_v3_eabi.lib : errno.c.obj (.text:__aeabi_errno_addr)
                  80012884    0000000c                                : memory.c.obj (.text:malloc)
                  80012890    00000008                                : exit.c.obj (.text:abort:abort)
                  80012898    00000004                                : error.c.obj (.text:__abort_execution)
                  8001289c    00000004                                : _lock.c.obj (.text:_nop)
                  800128a0    00000004                                : div0.asm.obj (.text)

.const     0    800128a8    00000a20     
                  800128a8    000002f8     minifont.obj (.const:.string:MiniFontArray)
                  80012ba0    00000200     crc16.obj (.const:crc16tab)
                  80012da0    00000108     rtsv7A8_A_le_n_v3_eabi.lib : k_rem_pio2.c.obj (.const:ipio2)
                  80012ea8    00000101                                : ctype.c.obj (.const:.string:_ctypes_)
                  80012fa9    00000007     interpreter.obj (.const:.string:keyWordsG)
                  80012fb0    00000080     rtsv7A8_A_le_n_v3_eabi.lib : strtod.c.obj (.const:digits)
                  80013030    00000058                                : s_atan.c.obj (.const:aT)
                  80013088    00000048                                : strtod.c.obj (.const:powerof10)
                  800130d0    00000040                                : k_rem_pio2.c.obj (.const:PIo2)
                  80013110    00000038     system.lib : startup.obj (.const:vecTbl)
                  80013148    00000028     minifont.obj (.const:.string:MiniIconArray)
                  80013170    00000020     internal_font.obj (.const:INTERNAL_FONT)
                  80013190    00000020     rtsv7A8_A_le_n_v3_eabi.lib : s_atan.c.obj (.const:atanhi)
                  800131b0    00000020                                : s_atan.c.obj (.const:atanlo)
                  800131d0    0000001c     mmu_conf.obj (.const:$P$T0$1)
                  800131ec    0000001c     mmu_conf.obj (.const:$P$T1$2)
                  80013208    0000001c     mmu_conf.obj (.const:$P$T2$3)
                  80013224    00000014     color.obj (.const:COLOR)
                  80013238    00000010     rtsv7A8_A_le_n_v3_eabi.lib : e_pow.c.obj (.const:bp)
                  80013248    00000010                                : e_pow.c.obj (.const:dp_h)
                  80013258    00000010                                : e_pow.c.obj (.const:dp_l)
                  80013268    00000010                                : k_rem_pio2.c.obj (.const:init_jk)
                  80013278    0000000c     main.obj (.const:$P$T4$3)
                  80013284    0000000c     main.obj (.const:$P$T5$4)
                  80013290    0000000c     stepper.obj (.const:directionRegs)
                  8001329c    0000000c     stepper.obj (.const:limitPins)
                  800132a8    0000000c     stepper.obj (.const:positiveDirs)
                  800132b4    0000000c     stepper.obj (.const:stepRegs)
                  800132c0    00000006     main.obj (.const:.string:$P$T7$6)
                  800132c6    00000002     main.obj (.const:.string:$P$T6$5)

.data      0    800132e0    00000670     
                  800132e0    00000320     sdcard_conf.obj (.data:$O1$$)
                  80013600    00000140     stepper.obj (.data:$O1$$)
                  80013740    000000d8     planner.obj (.data:$O1$$)
                  80013818    000000ac     main.obj (.data:$O1$$)
                  800138c4    00000030     network.obj (.data:$O1$$)
                  800138f4    00000010     sdcard_conf.obj (.data)
                  80013904    0000000c     stepper.obj (.data:count_direction)
                  80013910    0000000c     system.obj (.data:instance)
                  8001391c    00000009     stepper.obj (.data)
                  80013925    00000002     network.obj (.data)
                  80013927    00000001     --HOLE-- [fill = 0]
                  80013928    00000008     rtsv7A8_A_le_n_v3_eabi.lib : _lock.c.obj (.data:$O1$$)
                  80013930    00000008                                : memory.c.obj (.data:$O1$$)
                  80013938    00000008     main.obj (.data)
                  80013940    00000004     st7735s.obj (.data:$O1$$)
                  80013944    00000004     platform.lib : sysdelay.obj (.data)
                  80013948    00000004     rtsv7A8_A_le_n_v3_eabi.lib : errno.c.obj (.data)
                  8001394c    00000004     textview.obj (.data)

.bss       0    80014000    0000438b     UNINITIALIZED
                  80014000    00004000     (.common:PageTable)
                  80018000    00000200     (.common:fnRAMVectors)
                  80018200    00000080     mmcsd.lib : mmcsd_proto.obj (.bss:dataBuffer)
                  80018280    00000078     interpreter.obj (.bss:$O1$$)
                  800182f8    00000024     i2c_port2.obj (.bss:$O1$$)
                  8001831c    0000001c     rtsv7A8_A_le_n_v3_eabi.lib : vla_alloc.c.obj (.bss:$O1$$)
                  80018338    00000018     (.common:fat_devices)
                  80018350    00000010     stepper.obj (.bss)
                  80018360    0000000c     ff.obj (.bss:$O1$$)
                  8001836c    0000000c     stepper.obj (.bss:count_position)
                  80018378    00000004     i2c_port2.obj (.bss)
                  8001837c    00000004     network.obj (.bss)
                  80018380    00000004     (.common:block_buffer_head)
                  80018384    00000004     (.common:block_buffer_tail)
                  80018388    00000001     stepper.obj (.bss:limitState)
                  80018389    00000001     stepper.obj (.bss:stepperState)
                  8001838a    00000001     utils.lib : consoleUtils.obj (.bss)

.stack     0    8ff80000    00080000     UNINITIALIZED
                  8ff80000    00080000     --HOLE--

.sysmem    0    80018390    0c000000     UNINITIALIZED
                  80018390    00000010     rtsv7A8_A_le_n_v3_eabi.lib : memory.c.obj (.sysmem)
                  800183a0    0bfffff0     --HOLE--

MODULE SUMMARY

       Module                 code    ro data   rw data  
       ------                 ----    -------   -------  
    .\driver\
       mmu_conf.obj           160     84        16384    
       sdcard_conf.obj        1276    0         816      
       st7735s.obj            1936    0         4        
       network.obj            1128    0         54       
       i2c_port2.obj          892     0         40       
       crc16.obj              60      512       0        
       mcspi_port1.obj        548     0         0        
       mcspi_port0.obj        212     0         0        
    +--+----------------------+-------+---------+-----------+
       Total:                 6212    596       17298    
                                                         
    .\fatfs\
       ff.obj                 8544    0         12       
       diskio.obj             288     0         24       
    +--+----------------------+-------+---------+-----------+
       Total:                 8832    0         36       
                                                         
    .\flixcnc\
       stepper.obj            5384    48        371      
       planner.obj            4908    0         224      
       interpreter.obj        708     7         120      
       system.obj             688     0         12       
       utils.obj              28      0         0        
    +--+----------------------+-------+---------+-----------+
       Total:                 11716   55        727      
                                                         
    .\graphics\
       displayio.obj          3140    0         0        
       textview.obj           1552    0         4        
       progressbar.obj        1288    0         0        
       frame.obj              832     0         0        
       minifont.obj           0       800       0        
       imageview.obj          700     0         0        
       color.obj              32      20        0        
       internal_font.obj      20      32        0        
    +--+----------------------+-------+---------+-----------+
       Total:                 7564    852       4        
                                                         
    .\user\
       main.obj               2828    32        180      
    +--+----------------------+-------+---------+-----------+
       Total:                 2828    32        180      
                                                         
    ../../../library/vfp/drivers.lib
       uart_irda_cir.obj      3696    0         0        
       hs_mmcsd.obj           1400    0         0        
       mcspi.obj              1384    0         0        
       hsi2c.obj              1224    0         0        
       gpio_v2.obj            1116    0         0        
       dmtimer.obj            1100    0         0        
    +--+----------------------+-------+---------+-----------+
       Total:                 9920    0         0        
                                                         
    ../../../library/vfp/mmcsd.lib
       mmcsd_proto.obj        2176    0         128      
       hs_mmcsdlib.obj        609     0         0        
    +--+----------------------+-------+---------+-----------+
       Total:                 2785    0         128      
                                                         
    ../../../library/vfp/platform.lib
       dmtimer.obj            1336    0         0        
       sysdelay.obj           452     0         4        
       uart.obj               452     0         0        
       gpio.obj               448     0         0        
       mcspi.obj              300     0         0        
       uartConsole.obj        184     0         0        
       hs_mmcsd.obj           88      0         0        
    +--+----------------------+-------+---------+-----------+
       Total:                 3260    0         4        
                                                         
    ../../../library/vfp/system.lib
       cp15.obj               1160    0         0        
       interrupt.obj          628     0         512      
       exceptionhandler.obj   268     0         0        
       init.obj               200     0         0        
       mmu.obj                180     0         0        
       cache.obj              128     0         0        
       startup.obj            56      56        0        
       cpu.obj                108     0         0        
    +--+----------------------+-------+---------+-----------+
       Total:                 2728    56        512      
                                                         
    ../../../library/vfp/utils.lib
       uartStdio.obj          3920    0         0        
       ascii.obj              668     0         0        
       consoleUtils.obj       452     0         1        
    +--+----------------------+-------+---------+-----------+
       Total:                 5040    0         1        
                                                         
    D:\ccs930\ccs\tools\compiler\ti-cgt-arm_18.12.4.LTS\lib\rtsv7A8_A_le_n_v3_eabi.lib
       k_rem_pio2.c.obj       1944    344       0        
       e_pow.c.obj            2020    48        0        
       strtod.c.obj           1360    200       0        
       memory.c.obj           1432    0         8        
       s_cos.c.obj            1204    0         0        
       s_sin.c.obj            1204    0         0        
       vla_alloc.c.obj        912     0         28       
       s_atan.c.obj           520     152       0        
       e_atan2.c.obj          604     0         0        
       strtol.c.obj           500     0         0        
       e_hypot.c.obj          496     0         0        
       memcpy32.asm.obj       384     0         0        
       s_floor.c.obj          320     0         0        
       s_ceil.c.obj           312     0         0        
       s_scalbn.c.obj         292     0         0        
       i_div32.asm.obj        276     0         0        
       ctype.c.obj            0       257       0        
       u_div32.asm.obj        240     0         0        
       k_sin.c.obj            200     0         0        
       k_cos.c.obj            196     0         0        
       memset32.asm.obj       176     0         0        
       s_round.c.obj          136     0         0        
       autoinit.c.obj         112     0         0        
       e_sqrt.c.obj           56      0         0        
       memcmp.c.obj           52      0         0        
       strchr.c.obj           40      0         0        
       s_copysign.c.obj       32      0         0        
       errno.c.obj            12      0         4        
       _lock.c.obj            4       0         8        
       exit.c.obj             8       0         0        
       div0.asm.obj           4       0         0        
       error.c.obj            4       0         0        
    +--+----------------------+-------+---------+-----------+
       Total:                 15052   1001      48       
                                                         
       Heap:                  0       0         201326592
       Stack:                 0       0         524288   
    +--+----------------------+-------+---------+-----------+
       Grand Total:           75937   2592      201869818


FAR CALL TRAMPOLINES

callee name               trampoline name
   callee addr  tramp addr   call addr  call info
--------------  -----------  ---------  ----------------
__TI_auto_init_nobinit_nopinit  $Tramp$AA$S$$__TI_auto_init_nobinit_nopinit
   80012564     800000c8     800000a0   system.lib : init.obj (.text:Entry)

[1 trampolines]
[1 trampoline calls]


GLOBAL SYMBOLS: SORTED ALPHABETICALLY BY Name 

address   name                                
-------   ----                                
8000f3f8  ASCIIToDigit                        
80011c08  AbortHandler                        
80012890  C$$EXIT                             
80013224  COLOR                               
8000d708  CP15AuxControlFeatureDisable        
8000d6f4  CP15AuxControlFeatureEnable         
8000d69c  CP15BranchPredictionDisable         
8000d68c  CP15BranchPredictionEnable          
8000d680  CP15BranchPredictorInvalidate       
8000d6bc  CP15ControlFeatureDisable           
8000d6d0  CP15ControlFeatureEnable            
8000d398  CP15DCacheClean                     
8000d4d0  CP15DCacheCleanBuff                 
8000d42c  CP15DCacheCleanFlush                
8000d524  CP15DCacheCleanFlushBuff            
8000d2c8  CP15DCacheDisable                   
8000d2f4  CP15DCacheEnable                    
8000d304  CP15DCacheFlush                     
8000d578  CP15DCacheFlushBuff                 
8000d6ac  CP15DomainAccessClientSet           
8000d2ac  CP15ICacheDisable                   
8000d2e4  CP15ICacheEnable                    
8000d4c0  CP15ICacheFlush                     
8000d5dc  CP15ICacheFlushBuff                 
8000d648  CP15MMUDisable                      
8000d660  CP15MMUEnable                       
8000d71c  CP15MainIdPrimPartNumGet            
8000d63c  CP15TlbInvalidate                   
8000d630  CP15Ttb0Set                         
8000d6e4  CP15TtbCtlTtb0Config                
8000d674  CP15VectorBaseAddrSet               
80012628  CPUAbortHandler                     
8001286c  CPUIntStatus                        
80012620  CPUSwitchToPrivilegedMode           
8001260c  CPUSwitchToUserMode                 
800125fc  CPUfiqd                             
800125ec  CPUfiqe                             
800125dc  CPUirqd                             
800125cc  CPUirqe                             
8000d398  CacheDataCleanAll                   
8000d4d0  CacheDataCleanBuff                  
8000d42c  CacheDataCleanInvalidateAll         
8000d524  CacheDataCleanInvalidateBuff        
8000d304  CacheDataInvalidateAll              
8000d578  CacheDataInvalidateBuff             
80012528  CacheDisable                        
800124e4  CacheEnable                         
8000d4c0  CacheInstInvalidateAll              
8000d5dc  CacheInstInvalidateBuff             
80010bc4  ConsoleUtilsGetChar                 
80010b94  ConsoleUtilsGets                    
800120fc  ConsoleUtilsInit                    
80010b4c  ConsoleUtilsPrintf                  
80010b2c  ConsoleUtilsPutChar                 
80010b14  ConsoleUtilsPuts                    
80010ac8  ConsoleUtilsScanf                   
80010aa8  ConsoleUtilsSetType                 
8000ba04  DMTimer1msModuleClkConfig           
8000b8ec  DMTimer2ModuleClkConfig             
8000b7d4  DMTimer3ModuleClkConfig             
8000b6b8  DMTimer4ModuleClkConfig             
8000b658  DMTimer6ModuleClkConfig             
8000b540  DMTimer7ModuleClkConfig             
8000e43c  DMTimerCompareGet                   
8000e410  DMTimerCompareSet                   
8000e36c  DMTimerContextRestore               
8000e31c  DMTimerContextSave                  
8000e2f0  DMTimerCounterGet                   
8000e2c4  DMTimerCounterSet                   
8000e290  DMTimerDisable                      
8000e25c  DMTimerEnable                       
8000e1fc  DMTimerGPOConfigure                 
8000e1f0  DMTimerIntDisable                   
8000e1e4  DMTimerIntEnable                    
8000e1dc  DMTimerIntEnableGet                 
8000e1d4  DMTimerIntRawStatusGet              
8000e1c8  DMTimerIntRawStatusSet              
8000e1bc  DMTimerIntStatusClear               
8000e1b4  DMTimerIntStatusGet                 
8000e154  DMTimerModeConfigure                
8000e134  DMTimerPostedModeConfig             
8000e100  DMTimerPreScalerClkDisable          
8000e0a0  DMTimerPreScalerClkEnable           
8000e098  DMTimerReloadGet                    
8000e06c  DMTimerReloadSet                    
8000e050  DMTimerReset                        
8000e030  DMTimerResetConfigure               
8000e000  DMTimerTriggerSet                   
8000dff8  DMTimerWritePostedStatusGet         
8000f53c  DateToStr                           
8000f330  DigitToASCII                        
80000000  Entry                               
8000f4c8  EthrAddrToStr                       
80011c04  FIQHandler                          
80010d84  GPIO0ModuleClkConfig                
80010d30  GPIO1ModuleClkConfig                
80010d20  GPIO1PinMuxSetup                    
80010ccc  GPIO2ModuleClkConfig                
80010c78  GPIO3ModuleClkConfig                
8000dfd8  GPIOAutoIdleModeControl             
8000dfb8  GPIODebounceFuncControl             
8000dfac  GPIODebounceTimeConfig              
8000df94  GPIODirModeGet                      
8000df70  GPIODirModeSet                      
8000df50  GPIOGatingRatioConfigure            
8000df30  GPIOIdleModeConfigure               
8000dee0  GPIOIntTypeGet                      
8000dd7c  GPIOIntTypeSet                      
8000dd6c  GPIOModuleDisable                   
8000dd5c  GPIOModuleEnable                    
8000dd40  GPIOModuleReset                     
8000dd34  GPIOMultiplePinsRead                
8000dd28  GPIOMultiplePinsWrite               
8000dd08  GPIOPinIntClear                     
8000dce8  GPIOPinIntDisable                   
8000dcc8  GPIOPinIntEnable                    
8000dcb0  GPIOPinIntStatus                    
8000dc88  GPIOPinIntWakeUpDisable             
8000dc60  GPIOPinIntWakeUpEnable              
8000dc50  GPIOPinRead                         
8000dc30  GPIOPinWrite                        
8000dc1c  GPIORawIntStatus                    
8000dc14  GPIORevisionInfoGet                 
8000dbf4  GPIOTriggerPinInt                   
8000dbe4  GPIOWakeupGlobalDisable             
8000dbd4  GPIOWakeupGlobalEnable              
80010c6c  GpioPinMuxSetup                     
80006d1c  GuiDrawArc                          
80007310  GuiDrawChar                         
80006a3c  GuiDrawCircle                       
800071a0  GuiDrawLine                         
8000711c  GuiDrawMesh                         
80006a30  GuiDrawPixel                        
80007078  GuiDrawRect                         
80006f1c  GuiDrawRoundRect                    
80006bcc  GuiFillCircle                       
80006824  GuiFillColor                        
80006a0c  GuiFillData                         
80006848  GuiFillRoundRect                    
8000aa60  HSMMCSDBlkLenSet                    
8000fa28  HSMMCSDBusFreqConfig                
8000a970  HSMMCSDBusFreqSet                   
8000a910  HSMMCSDBusPower                     
8000a8f4  HSMMCSDBusVoltSet                   
8000fa14  HSMMCSDBusWidthConfig               
8000a894  HSMMCSDBusWidthSet                  
8000fa0c  HSMMCSDCardPresent                  
8000f910  HSMMCSDCmdSend                      
8000a854  HSMMCSDCommandSend                  
8000f850  HSMMCSDControllerInit               
8000a838  HSMMCSDDataGet                      
8000a81c  HSMMCSDDataTimeoutSet               
8000c298  HSMMCSDInit                         
8000a7d4  HSMMCSDInitStreamSend               
8000a798  HSMMCSDIntClock                     
8000f840  HSMMCSDIntEnable                    
8000a788  HSMMCSDIntrEnable                   
8000a780  HSMMCSDIntrStatusClear              
8000a770  HSMMCSDIntrStatusDisable            
8000a760  HSMMCSDIntrStatusEnable             
8000a754  HSMMCSDIntrStatusGet                
8000a748  HSMMCSDIsCardInserted               
8000a73c  HSMMCSDIsCardWriteProtected         
8000a700  HSMMCSDIsCmdComplete                
8000a6f4  HSMMCSDIsHSupported                 
8000a6b8  HSMMCSDIsIntClockStable             
8000a67c  HSMMCSDIsXferComplete               
8000a624  HSMMCSDLinesReset                   
80012658  HSMMCSDModuleClkConfig              
8001262c  HSMMCSDPinMuxSetup                  
8000a608  HSMMCSDResponseGet                  
8000a5b4  HSMMCSDSoftReset                    
8000a598  HSMMCSDSupportedVoltSet             
8000a578  HSMMCSDSystemConfig                 
8000e71c  I2C2AINTCConfigure                  
8000e68c  I2C2Send                            
8000c8fc  I2CActiveOwnAddressGet              
8000c8ec  I2CAutoIdleDisable                  
8000c8dc  I2CAutoIdleEnable                   
8000c8a0  I2CBufferStatus                     
8000c884  I2CClockActivitySelect              
8000c81c  I2CClockBlockingControl             
8000c7bc  I2CContextRestore                   
8000c798  I2CContextSave                      
8000c780  I2CDMARxEventDisable                
8000c768  I2CDMARxEventEnable                 
8000c750  I2CDMATxEventDisable                
8000c738  I2CDMATxEventEnable                 
8000c730  I2CDataCountGet                     
8000c714  I2CFIFOClear                        
8000c6d8  I2CFIFOThresholdConfig              
8000c6c8  I2CGlobalWakeUpDisable              
8000c6b8  I2CGlobalWakeUpEnable               
8000c69c  I2CIdleModeSelect                   
8000c688  I2CMasterBusBusy                    
8000c67c  I2CMasterBusy                       
8000c670  I2CMasterControl                    
8000c664  I2CMasterDataGet                    
8000c65c  I2CMasterDataPut                    
8000c64c  I2CMasterDisable                    
8000c63c  I2CMasterEnable                     
8000c62c  I2CMasterErr                        
8000c5e4  I2CMasterInitExpClk                 
8000c5dc  I2CMasterIntClearEx                 
8000c5d4  I2CMasterIntDisableEx               
8000c5c4  I2CMasterIntEnableEx                
8000c5bc  I2CMasterIntRawStatus               
8000c5b4  I2CMasterIntRawStatusClearEx        
8000c5a8  I2CMasterIntRawStatusEx             
8000c5a0  I2CMasterIntStatus                  
8000c594  I2CMasterIntStatusEx                
8000c588  I2CMasterSlaveAddrGet               
8000c580  I2CMasterSlaveAddrSet               
8000c570  I2CMasterStart                      
8000c560  I2CMasterStop                       
8000c528  I2COwnAddressSet                    
8000c520  I2CSetDataCount                     
8000c510  I2CSoftReset                        
8000c504  I2CSystemStatusGet                  
8000c4c0  I2CWakeUpDisable                    
8000c47c  I2CWakeUpEnable                     
80013170  INTERNAL_FONT                       
80011b58  IRQHandler                          
8000f7c8  IntAINTCInit                        
8000f7b8  IntActiveIrqNumGet                  
8000f7a8  IntCurrIrqPriorityGet               
8000f78c  IntDisable                          
8000f77c  IntEnable                           
8000f768  IntFuncClkAutoGateSet               
8000f754  IntFuncClkFreeRunSet                
8000f740  IntIfClkAutoGateSet                 
8000f72c  IntIfClkFreeRunSet                  
800125fc  IntMasterFIQDisable                 
800125ec  IntMasterFIQEnable                  
800125dc  IntMasterIRQDisable                 
800125cc  IntMasterIRQEnable                  
8001286c  IntMasterStatusGet                  
8000f70c  IntPendingIrqMaskedStatusGet        
8000f6f8  IntPrioritySet                      
8000f6e8  IntPriorityThresholdGet             
8000f6d8  IntPriorityThresholdSet             
8000f6c4  IntProtectionDisable                
8000f6b4  IntProtectionEnable                 
8000f698  IntRawStatusGet                     
8000f68c  IntRegister                         
8000f670  IntSoftwareIntClear                 
8000f654  IntSoftwareIntSet                   
8000f644  IntSpurIrqFlagGet                   
8000f630  IntSyncClkAutoGateSet               
8000f61c  IntSyncClkFreeRunSet                
8000f5fc  IntSystemDisable                    
8000f5dc  IntSystemEnable                     
8000f5cc  IntUnRegister                       
80008274  MMCSDAppCmdSend                     
80008754  MMCSDBusWidthSet                    
80008344  MMCSDCardInit                       
80008334  MMCSDCardPresent                    
80008304  MMCSDCardReset                      
800082d8  MMCSDCardTypeCheck                  
80007f74  MMCSDCmdSend                        
8000a544  MMCSDContextRestore                 
8000a510  MMCSDContextSave                    
80008264  MMCSDCtrlInit                       
80008254  MMCSDIntEnable                      
8000817c  MMCSDReadCmdSend                    
80007f84  MMCSDStopCmdSend                    
800080a4  MMCSDTranSpeedSet                   
80007fcc  MMCSDWriteCmdSend                   
800123bc  MMUConfigAndEnable                  
80012248  MMUEnable                           
80012214  MMUInit                             
800121a8  MMUMemRegionMap                     
80011da8  McSPI0AintcConfigure                
8001179c  McSPI0CSPinMuxSetup                 
800116a8  McSPI0ModuleClkConfig               
80011690  McSPI0PinMuxSetup                   
80011d10  McSPI0SetUp                         
8000fed4  McSPI1AintcConfigure                
8000fea8  McSPI1CSPinMuxSetup                 
8000fdb4  McSPI1ModuleClkConfig               
8000fd9c  McSPI1PinMuxSetup                   
8000fd00  McSPI1SetUp                         
8000afd4  McSPICSAssert                       
8000afb8  McSPICSDeAssert                     
8000afa8  McSPICSDisable                      
8000af98  McSPICSEnable                       
8000af6c  McSPICSPolarityConfig               
8000af40  McSPICSTimeControlSet               
8000af24  McSPIChannelDisable                 
8000af08  McSPIChannelEnable                  
8000aef4  McSPIChannelStatusGet               
8000ae20  McSPIClkConfig                      
8000adf8  McSPIDMADisable                     
8000add8  McSPIDMAEnable                      
8000adb8  McSPIFIFODatManagementConfig        
8000ad38  McSPIFIFOTrigLvlSet                 
8000ad18  McSPIInitDelayConfig                
8000ad08  McSPIIntDisable                     
8000acf8  McSPIIntEnable                      
8000ace4  McSPIIntStatusClear                 
8000acdc  McSPIIntStatusGet                   
8000ac38  McSPIMasterModeConfig               
8000ac28  McSPIMasterModeEnable               
8000ac08  McSPIMultipleWordAccessConfig       
8000abf4  McSPIReceiveData                    
8000abd8  McSPIReset                          
8000abac  McSPIRxFIFOConfig                   
8000ab90  McSPIStartBitDisable                
8000ab74  McSPIStartBitEnable                 
8000ab48  McSPIStartBitPolarityConfig         
8000ab34  McSPITransmitData                   
8000ab18  McSPITurboModeDisable               
8000aafc  McSPITurboModeEnable                
8000aad0  McSPITxFIFOConfig                   
8000aab4  McSPIWordCountSet                   
8000aa88  McSPIWordLengthSet                  
800128a8  MiniFontArray                       
80013148  MiniIconArray                       
80014000  PageTable                           
80013744  PlanBlockBuffer                     
80011b30  SVC_Handler                         
8000e444  SetupI2C2                           
80009eb4  St7735sFillColor                    
80009e78  St7735sFillData                     
80009a98  St7735sInit                         
80009a88  St7735sInversion                    
80009a4c  St7735sPinMuxSetup                  
800099f8  St7735sReset                        
800099b0  St7735sSPI1Init                     
80009770  St7735sSendCmd                      
80009810  St7735sSendData                     
80009990  St7735sSetPixel                     
800098c0  St7735sSetRegion                    
8000f458  StrToEthrAddr                       
8001085c  SysDelayTimerSetup                  
80010850  SysIsTimerElapsed                   
8001080c  SysStartTimer                       
800107ec  SysStopTimer                        
80010784  SysdelayMs                          
80010720  SysdelayUs                          
8000f368  TimeToStr                           
80010904  UART0ModuleClkConfig                
80006804  UARTAutoIdleModeControl             
800067b8  UARTAutoRTSAutoCTSControl           
80006794  UARTAutobaudParityGet               
80006770  UARTAutobaudSpeedGet                
8000674c  UARTAutobaudWordLenGet              
8000672c  UARTBreakCtl                        
800066fc  UARTCharGet                         
800066cc  UARTCharGetNonBlocking              
80006680  UARTCharGetTimeout                  
80006650  UARTCharPut                         
8000661c  UARTCharPutNonBlocking              
800065f0  UARTCharsAvail                      
80012184  UARTConsoleGetc                     
800120fc  UARTConsoleInit                     
800120f0  UARTConsolePutc                     
800065d0  UARTDMACounterResetControl          
800065b4  UARTDMADisable                      
80006588  UARTDMAEnable                       
80006568  UARTDSRInterruptControl             
80006558  UARTDivisorLatchDisable             
80006548  UARTDivisorLatchEnable              
80006150  UARTDivisorLatchWrite               
80006508  UARTDivisorValCompute               
8000628c  UARTEnhanFuncBitValRestore          
8000625c  UARTEnhanFuncEnable                 
800064fc  UARTFIFOCharGet                     
800064f4  UARTFIFOCharPut                     
80006344  UARTFIFOConfig                      
80006318  UARTFIFOEnableStatusGet             
800062c4  UARTFIFORegisterWrite               
80006120  UARTFIFOTrigLvlGranControl          
800060fc  UARTFIFOWrite                       
800060e8  UARTFlowCtrlTrigLvlConfig           
80005894  UARTGetHexNum                       
80005830  UARTGetNum                          
80012184  UARTGetc                            
800057c8  UARTGets                            
800060c8  UARTIdleModeConfigure               
8000604c  UARTIntDisable                      
80005fc8  UARTIntEnable                       
80005fa4  UARTIntIdentityGet                  
80005f78  UARTIntPendingStatusGet             
80005f3c  UARTLineCharacConfig                
80005f1c  UARTLoopbackModeControl             
80005f00  UARTModemControlClear               
80005eec  UARTModemControlSet                 
80005ee0  UARTModemStatusChangeCheck          
80005ed4  UARTModemStatusGet                  
80005eb8  UARTModuleReset                     
80005eac  UARTModuleVersionNumberGet          
80005e80  UARTOperatingModeSelect             
80005e74  UARTParityModeGet                   
80005e54  UARTParityModeSet                   
800108e4  UARTPinMuxSetup                     
800054ec  UARTPrintf                          
80005e34  UARTPulseShapingControl             
8000541c  UARTPutHexNum                       
8000536c  UARTPutNum                          
800120f0  UARTPutc                            
80004db4  UARTPuts                            
80005e28  UARTRXCTSDSRTransitionStatusGet     
80005e08  UARTRXCTSDSRWakeUpConfigure         
80005e00  UARTRegConfModeRestore              
800059b4  UARTRegConfigModeEnable             
80005df8  UARTResumeOperation                 
80005dd4  UARTRxErrorGet                      
80005dcc  UARTRxFIFOLevelGet                  
80004e3c  UARTScanf                           
80005dc0  UARTScratchPadRegRead               
80005da0  UARTScratchPadRegWrite              
80005d68  UARTSoftwareFlowCtrlOptSet          
80005d3c  UARTSpaceAvail                      
80005d04  UARTSpecialCharDetectControl        
800120fc  UARTStdioInit                       
80005c90  UARTSubConfigMSRSPRModeEn           
80005c1c  UARTSubConfigTCRTLRModeEn           
80005ba8  UARTSubConfigXOFFModeEn             
80005b28  UARTTCRTLRBitValRestore             
80005b08  UARTTxDMAThresholdControl           
80005ae8  UARTTxDMAThresholdValConfig         
80005ac8  UARTTxEmptyIntControl               
80005abc  UARTTxFIFOFullStatusGet             
80005ab4  UARTTxFIFOLevelGet                  
80005a94  UARTWakeUpControl                   
80005a78  UARTWakeUpEventsDisable             
80005a64  UARTWakeUpEventsEnable              
80005a58  UARTXON1XOFF1ValProgram             
80005a4c  UARTXON2XOFF2ValProgram             
800059e8  UARTXONAnyFeatureControl            
80004aac  UARTprintf                          
80004a64  UARTwrite                           
80011c08  UndefInstHandler                    
90000000  __STACK_END                         
00080000  __STACK_SIZE                        
0c000000  __SYSMEM_SIZE                       
UNDEFED   __TI_CINIT_Base                     
UNDEFED   __TI_CINIT_Limit                    
UNDEFED   __TI_Handler_Table_Base             
UNDEFED   __TI_Handler_Table_Limit            
80012564  __TI_auto_init_nobinit_nopinit      
ffffffff  __TI_pprof_out_hndl                 
ffffffff  __TI_prof_data_size                 
ffffffff  __TI_prof_data_start                
80000000  __TI_static_base__                  
80012898  __abort_execution                   
80012878  __aeabi_errno_addr                  
80011a00  __aeabi_idiv                        
800128a0  __aeabi_idiv0                       
80011a00  __aeabi_idivmod                     
800128a0  __aeabi_ldiv0                       
8001225c  __aeabi_memclr                      
8001225c  __aeabi_memclr4                     
8001225c  __aeabi_memclr8                     
80010fd8  __aeabi_memcpy                      
80010fd8  __aeabi_memcpy4                     
80010fd8  __aeabi_memcpy8                     
80012260  __aeabi_memset                      
80012260  __aeabi_memset4                     
80012260  __aeabi_memset8                     
80011c20  __aeabi_uidiv                       
80011c20  __aeabi_uidivmod                    
ffffffff  __binit__                           
ffffffff  __c_args__                          
80011f70  __kernel_cos                        
80008fe8  __kernel_rem_pio2                   
80011de4  __kernel_sin                        
8ff80000  __stack                             
8000ff24  __vla_alloc                         
80012034  __vla_dealloc                       
80012ea8  _ctypes_                            
80013928  _lock                               
8001289c  _nop                                
80018390  _sys_memory                         
UNDEFED   _system_post_cinit                  
8001392c  _unlock                             
80012890  abort                               
80013750  acceleration                        
80010e2c  aligned_alloc                       
80010134  atan                                
8000faa4  atan2                               
8000faa4  atan2l                              
80010134  atanl                               
80013780  axis_steps_per_unit                 
ffffffff  binit                               
80018380  block_buffer_head                   
80018384  block_buffer_tail                   
8001838b  bss_end                             
80014000  bss_start                           
80012858  calcOffsetDef                       
800039f0  calculate_trapezoid_for_block       
80011558  ceil                                
80011558  ceill                               
8001281c  copysign                            
8001281c  copysignl                           
8000c944  cos                                 
8000c944  cosl                                
800126c4  crc16_ccitt                         
80013360  ctrlInfo                            
8000eac4  destoryFrame                        
80011980  disk_initialize                     
80011978  disk_ioctl                          
80011940  disk_read                           
80011920  disk_status                         
800118e8  disk_write                          
80013948  errno                               
80003994  estimate_acceleration_distance      
800021a0  f_chmod                             
80002184  f_close                             
8000204c  f_getfree                           
80001e88  f_lseek                             
80001c4c  f_mkdir                             
80001bf4  f_mount                             
80001910  f_open                              
80001850  f_opendir                           
80001634  f_read                              
80001584  f_readdir                           
80001458  f_rename                            
8000129c  f_stat                              
8000109c  f_sync                              
80000f2c  f_unlink                            
80000524  f_write                             
80018338  fat_devices                         
80011418  floor                               
80011418  floorl                              
80018000  fnRAMVectors                        
80011158  free                                
800048fc  getCurrentBlock                     
800118e0  get_fattime                         
8000dbb8  gpioContextRestore                  
8000db9c  gpioContextSave                     
80010530  hypot                               
80010530  hypotl                              
8000ed58  interpreterGetInstance              
800039b8  intersection_distance               
800117bc  ldexp                               
800117bc  ldexpl                              
8000bf80  loadFile                            
80007820  main                                
80012884  malloc                              
8001378c  max_acceleration_units_per_sq_second
80003850  max_allowable_speed                 
800137c8  max_feedrate                        
80013758  max_xy_jerk                         
80013760  max_z_jerk                          
8001283c  maxul                               
80010e2c  memalign                            
80012770  memcmp                              
80010fd8  memcpy                              
8001226c  memset                              
8000db00  networkGetInstance                  
8000ea14  newFrame                            
8000f014  newImageView                        
8000be40  newProgressBar                      
8000a328  newTextView                         
80003d38  plannerGetInstance                  
80003ca8  planner_forward_pass                
80003c0c  planner_forward_pass_kernel         
80003d24  planner_recalculate                 
80003b44  planner_recalculate_trapezoids      
80003908  planner_reverse_pass                
80003860  planner_reverse_pass_kernel         
8000881c  pow                                 
8000881c  powl                                
800112cc  realloc                             
8001245c  round                               
8001245c  roundl                              
800117bc  scalbn                              
800117bc  scalbnl                             
80013300  sdCard                              
8000cdf8  sin                                 
8000cdf8  sinl                                
80012700  sqrt                                
80012700  sqrtl                               
80012738  start_boot                          
800025f4  stepperGetInstance                  
800127d4  strchr                              
8000b000  strtod                              
8001033c  strtol                              
8000b000  strtold                             
8000f080  systemGetInstance                   
8000228c  trapezoid_generator_reset           


GLOBAL SYMBOLS: SORTED BY Symbol Address 

address   name                                
-------   ----                                
00080000  __STACK_SIZE                        
0c000000  __SYSMEM_SIZE                       
80000000  Entry                               
80000000  __TI_static_base__                  
80000524  f_write                             
80000f2c  f_unlink                            
8000109c  f_sync                              
8000129c  f_stat                              
80001458  f_rename                            
80001584  f_readdir                           
80001634  f_read                              
80001850  f_opendir                           
80001910  f_open                              
80001bf4  f_mount                             
80001c4c  f_mkdir                             
80001e88  f_lseek                             
8000204c  f_getfree                           
80002184  f_close                             
800021a0  f_chmod                             
8000228c  trapezoid_generator_reset           
800025f4  stepperGetInstance                  
80003850  max_allowable_speed                 
80003860  planner_reverse_pass_kernel         
80003908  planner_reverse_pass                
80003994  estimate_acceleration_distance      
800039b8  intersection_distance               
800039f0  calculate_trapezoid_for_block       
80003b44  planner_recalculate_trapezoids      
80003c0c  planner_forward_pass_kernel         
80003ca8  planner_forward_pass                
80003d24  planner_recalculate                 
80003d38  plannerGetInstance                  
800048fc  getCurrentBlock                     
80004a64  UARTwrite                           
80004aac  UARTprintf                          
80004db4  UARTPuts                            
80004e3c  UARTScanf                           
8000536c  UARTPutNum                          
8000541c  UARTPutHexNum                       
800054ec  UARTPrintf                          
800057c8  UARTGets                            
80005830  UARTGetNum                          
80005894  UARTGetHexNum                       
800059b4  UARTRegConfigModeEnable             
800059e8  UARTXONAnyFeatureControl            
80005a4c  UARTXON2XOFF2ValProgram             
80005a58  UARTXON1XOFF1ValProgram             
80005a64  UARTWakeUpEventsEnable              
80005a78  UARTWakeUpEventsDisable             
80005a94  UARTWakeUpControl                   
80005ab4  UARTTxFIFOLevelGet                  
80005abc  UARTTxFIFOFullStatusGet             
80005ac8  UARTTxEmptyIntControl               
80005ae8  UARTTxDMAThresholdValConfig         
80005b08  UARTTxDMAThresholdControl           
80005b28  UARTTCRTLRBitValRestore             
80005ba8  UARTSubConfigXOFFModeEn             
80005c1c  UARTSubConfigTCRTLRModeEn           
80005c90  UARTSubConfigMSRSPRModeEn           
80005d04  UARTSpecialCharDetectControl        
80005d3c  UARTSpaceAvail                      
80005d68  UARTSoftwareFlowCtrlOptSet          
80005da0  UARTScratchPadRegWrite              
80005dc0  UARTScratchPadRegRead               
80005dcc  UARTRxFIFOLevelGet                  
80005dd4  UARTRxErrorGet                      
80005df8  UARTResumeOperation                 
80005e00  UARTRegConfModeRestore              
80005e08  UARTRXCTSDSRWakeUpConfigure         
80005e28  UARTRXCTSDSRTransitionStatusGet     
80005e34  UARTPulseShapingControl             
80005e54  UARTParityModeSet                   
80005e74  UARTParityModeGet                   
80005e80  UARTOperatingModeSelect             
80005eac  UARTModuleVersionNumberGet          
80005eb8  UARTModuleReset                     
80005ed4  UARTModemStatusGet                  
80005ee0  UARTModemStatusChangeCheck          
80005eec  UARTModemControlSet                 
80005f00  UARTModemControlClear               
80005f1c  UARTLoopbackModeControl             
80005f3c  UARTLineCharacConfig                
80005f78  UARTIntPendingStatusGet             
80005fa4  UARTIntIdentityGet                  
80005fc8  UARTIntEnable                       
8000604c  UARTIntDisable                      
800060c8  UARTIdleModeConfigure               
800060e8  UARTFlowCtrlTrigLvlConfig           
800060fc  UARTFIFOWrite                       
80006120  UARTFIFOTrigLvlGranControl          
80006150  UARTDivisorLatchWrite               
8000625c  UARTEnhanFuncEnable                 
8000628c  UARTEnhanFuncBitValRestore          
800062c4  UARTFIFORegisterWrite               
80006318  UARTFIFOEnableStatusGet             
80006344  UARTFIFOConfig                      
800064f4  UARTFIFOCharPut                     
800064fc  UARTFIFOCharGet                     
80006508  UARTDivisorValCompute               
80006548  UARTDivisorLatchEnable              
80006558  UARTDivisorLatchDisable             
80006568  UARTDSRInterruptControl             
80006588  UARTDMAEnable                       
800065b4  UARTDMADisable                      
800065d0  UARTDMACounterResetControl          
800065f0  UARTCharsAvail                      
8000661c  UARTCharPutNonBlocking              
80006650  UARTCharPut                         
80006680  UARTCharGetTimeout                  
800066cc  UARTCharGetNonBlocking              
800066fc  UARTCharGet                         
8000672c  UARTBreakCtl                        
8000674c  UARTAutobaudWordLenGet              
80006770  UARTAutobaudSpeedGet                
80006794  UARTAutobaudParityGet               
800067b8  UARTAutoRTSAutoCTSControl           
80006804  UARTAutoIdleModeControl             
80006824  GuiFillColor                        
80006848  GuiFillRoundRect                    
80006a0c  GuiFillData                         
80006a30  GuiDrawPixel                        
80006a3c  GuiDrawCircle                       
80006bcc  GuiFillCircle                       
80006d1c  GuiDrawArc                          
80006f1c  GuiDrawRoundRect                    
80007078  GuiDrawRect                         
8000711c  GuiDrawMesh                         
800071a0  GuiDrawLine                         
80007310  GuiDrawChar                         
80007820  main                                
80007f74  MMCSDCmdSend                        
80007f84  MMCSDStopCmdSend                    
80007fcc  MMCSDWriteCmdSend                   
800080a4  MMCSDTranSpeedSet                   
8000817c  MMCSDReadCmdSend                    
80008254  MMCSDIntEnable                      
80008264  MMCSDCtrlInit                       
80008274  MMCSDAppCmdSend                     
800082d8  MMCSDCardTypeCheck                  
80008304  MMCSDCardReset                      
80008334  MMCSDCardPresent                    
80008344  MMCSDCardInit                       
80008754  MMCSDBusWidthSet                    
8000881c  pow                                 
8000881c  powl                                
80008fe8  __kernel_rem_pio2                   
80009770  St7735sSendCmd                      
80009810  St7735sSendData                     
800098c0  St7735sSetRegion                    
80009990  St7735sSetPixel                     
800099b0  St7735sSPI1Init                     
800099f8  St7735sReset                        
80009a4c  St7735sPinMuxSetup                  
80009a88  St7735sInversion                    
80009a98  St7735sInit                         
80009e78  St7735sFillData                     
80009eb4  St7735sFillColor                    
8000a328  newTextView                         
8000a510  MMCSDContextSave                    
8000a544  MMCSDContextRestore                 
8000a578  HSMMCSDSystemConfig                 
8000a598  HSMMCSDSupportedVoltSet             
8000a5b4  HSMMCSDSoftReset                    
8000a608  HSMMCSDResponseGet                  
8000a624  HSMMCSDLinesReset                   
8000a67c  HSMMCSDIsXferComplete               
8000a6b8  HSMMCSDIsIntClockStable             
8000a6f4  HSMMCSDIsHSupported                 
8000a700  HSMMCSDIsCmdComplete                
8000a73c  HSMMCSDIsCardWriteProtected         
8000a748  HSMMCSDIsCardInserted               
8000a754  HSMMCSDIntrStatusGet                
8000a760  HSMMCSDIntrStatusEnable             
8000a770  HSMMCSDIntrStatusDisable            
8000a780  HSMMCSDIntrStatusClear              
8000a788  HSMMCSDIntrEnable                   
8000a798  HSMMCSDIntClock                     
8000a7d4  HSMMCSDInitStreamSend               
8000a81c  HSMMCSDDataTimeoutSet               
8000a838  HSMMCSDDataGet                      
8000a854  HSMMCSDCommandSend                  
8000a894  HSMMCSDBusWidthSet                  
8000a8f4  HSMMCSDBusVoltSet                   
8000a910  HSMMCSDBusPower                     
8000a970  HSMMCSDBusFreqSet                   
8000aa60  HSMMCSDBlkLenSet                    
8000aa88  McSPIWordLengthSet                  
8000aab4  McSPIWordCountSet                   
8000aad0  McSPITxFIFOConfig                   
8000aafc  McSPITurboModeEnable                
8000ab18  McSPITurboModeDisable               
8000ab34  McSPITransmitData                   
8000ab48  McSPIStartBitPolarityConfig         
8000ab74  McSPIStartBitEnable                 
8000ab90  McSPIStartBitDisable                
8000abac  McSPIRxFIFOConfig                   
8000abd8  McSPIReset                          
8000abf4  McSPIReceiveData                    
8000ac08  McSPIMultipleWordAccessConfig       
8000ac28  McSPIMasterModeEnable               
8000ac38  McSPIMasterModeConfig               
8000acdc  McSPIIntStatusGet                   
8000ace4  McSPIIntStatusClear                 
8000acf8  McSPIIntEnable                      
8000ad08  McSPIIntDisable                     
8000ad18  McSPIInitDelayConfig                
8000ad38  McSPIFIFOTrigLvlSet                 
8000adb8  McSPIFIFODatManagementConfig        
8000add8  McSPIDMAEnable                      
8000adf8  McSPIDMADisable                     
8000ae20  McSPIClkConfig                      
8000aef4  McSPIChannelStatusGet               
8000af08  McSPIChannelEnable                  
8000af24  McSPIChannelDisable                 
8000af40  McSPICSTimeControlSet               
8000af6c  McSPICSPolarityConfig               
8000af98  McSPICSEnable                       
8000afa8  McSPICSDisable                      
8000afb8  McSPICSDeAssert                     
8000afd4  McSPICSAssert                       
8000b000  strtod                              
8000b000  strtold                             
8000b540  DMTimer7ModuleClkConfig             
8000b658  DMTimer6ModuleClkConfig             
8000b6b8  DMTimer4ModuleClkConfig             
8000b7d4  DMTimer3ModuleClkConfig             
8000b8ec  DMTimer2ModuleClkConfig             
8000ba04  DMTimer1msModuleClkConfig           
8000be40  newProgressBar                      
8000bf80  loadFile                            
8000c298  HSMMCSDInit                         
8000c47c  I2CWakeUpEnable                     
8000c4c0  I2CWakeUpDisable                    
8000c504  I2CSystemStatusGet                  
8000c510  I2CSoftReset                        
8000c520  I2CSetDataCount                     
8000c528  I2COwnAddressSet                    
8000c560  I2CMasterStop                       
8000c570  I2CMasterStart                      
8000c580  I2CMasterSlaveAddrSet               
8000c588  I2CMasterSlaveAddrGet               
8000c594  I2CMasterIntStatusEx                
8000c5a0  I2CMasterIntStatus                  
8000c5a8  I2CMasterIntRawStatusEx             
8000c5b4  I2CMasterIntRawStatusClearEx        
8000c5bc  I2CMasterIntRawStatus               
8000c5c4  I2CMasterIntEnableEx                
8000c5d4  I2CMasterIntDisableEx               
8000c5dc  I2CMasterIntClearEx                 
8000c5e4  I2CMasterInitExpClk                 
8000c62c  I2CMasterErr                        
8000c63c  I2CMasterEnable                     
8000c64c  I2CMasterDisable                    
8000c65c  I2CMasterDataPut                    
8000c664  I2CMasterDataGet                    
8000c670  I2CMasterControl                    
8000c67c  I2CMasterBusy                       
8000c688  I2CMasterBusBusy                    
8000c69c  I2CIdleModeSelect                   
8000c6b8  I2CGlobalWakeUpEnable               
8000c6c8  I2CGlobalWakeUpDisable              
8000c6d8  I2CFIFOThresholdConfig              
8000c714  I2CFIFOClear                        
8000c730  I2CDataCountGet                     
8000c738  I2CDMATxEventEnable                 
8000c750  I2CDMATxEventDisable                
8000c768  I2CDMARxEventEnable                 
8000c780  I2CDMARxEventDisable                
8000c798  I2CContextSave                      
8000c7bc  I2CContextRestore                   
8000c81c  I2CClockBlockingControl             
8000c884  I2CClockActivitySelect              
8000c8a0  I2CBufferStatus                     
8000c8dc  I2CAutoIdleEnable                   
8000c8ec  I2CAutoIdleDisable                  
8000c8fc  I2CActiveOwnAddressGet              
8000c944  cos                                 
8000c944  cosl                                
8000cdf8  sin                                 
8000cdf8  sinl                                
8000d2ac  CP15ICacheDisable                   
8000d2c8  CP15DCacheDisable                   
8000d2e4  CP15ICacheEnable                    
8000d2f4  CP15DCacheEnable                    
8000d304  CP15DCacheFlush                     
8000d304  CacheDataInvalidateAll              
8000d398  CP15DCacheClean                     
8000d398  CacheDataCleanAll                   
8000d42c  CP15DCacheCleanFlush                
8000d42c  CacheDataCleanInvalidateAll         
8000d4c0  CP15ICacheFlush                     
8000d4c0  CacheInstInvalidateAll              
8000d4d0  CP15DCacheCleanBuff                 
8000d4d0  CacheDataCleanBuff                  
8000d524  CP15DCacheCleanFlushBuff            
8000d524  CacheDataCleanInvalidateBuff        
8000d578  CP15DCacheFlushBuff                 
8000d578  CacheDataInvalidateBuff             
8000d5dc  CP15ICacheFlushBuff                 
8000d5dc  CacheInstInvalidateBuff             
8000d630  CP15Ttb0Set                         
8000d63c  CP15TlbInvalidate                   
8000d648  CP15MMUDisable                      
8000d660  CP15MMUEnable                       
8000d674  CP15VectorBaseAddrSet               
8000d680  CP15BranchPredictorInvalidate       
8000d68c  CP15BranchPredictionEnable          
8000d69c  CP15BranchPredictionDisable         
8000d6ac  CP15DomainAccessClientSet           
8000d6bc  CP15ControlFeatureDisable           
8000d6d0  CP15ControlFeatureEnable            
8000d6e4  CP15TtbCtlTtb0Config                
8000d6f4  CP15AuxControlFeatureEnable         
8000d708  CP15AuxControlFeatureDisable        
8000d71c  CP15MainIdPrimPartNumGet            
8000db00  networkGetInstance                  
8000db9c  gpioContextSave                     
8000dbb8  gpioContextRestore                  
8000dbd4  GPIOWakeupGlobalEnable              
8000dbe4  GPIOWakeupGlobalDisable             
8000dbf4  GPIOTriggerPinInt                   
8000dc14  GPIORevisionInfoGet                 
8000dc1c  GPIORawIntStatus                    
8000dc30  GPIOPinWrite                        
8000dc50  GPIOPinRead                         
8000dc60  GPIOPinIntWakeUpEnable              
8000dc88  GPIOPinIntWakeUpDisable             
8000dcb0  GPIOPinIntStatus                    
8000dcc8  GPIOPinIntEnable                    
8000dce8  GPIOPinIntDisable                   
8000dd08  GPIOPinIntClear                     
8000dd28  GPIOMultiplePinsWrite               
8000dd34  GPIOMultiplePinsRead                
8000dd40  GPIOModuleReset                     
8000dd5c  GPIOModuleEnable                    
8000dd6c  GPIOModuleDisable                   
8000dd7c  GPIOIntTypeSet                      
8000dee0  GPIOIntTypeGet                      
8000df30  GPIOIdleModeConfigure               
8000df50  GPIOGatingRatioConfigure            
8000df70  GPIODirModeSet                      
8000df94  GPIODirModeGet                      
8000dfac  GPIODebounceTimeConfig              
8000dfb8  GPIODebounceFuncControl             
8000dfd8  GPIOAutoIdleModeControl             
8000dff8  DMTimerWritePostedStatusGet         
8000e000  DMTimerTriggerSet                   
8000e030  DMTimerResetConfigure               
8000e050  DMTimerReset                        
8000e06c  DMTimerReloadSet                    
8000e098  DMTimerReloadGet                    
8000e0a0  DMTimerPreScalerClkEnable           
8000e100  DMTimerPreScalerClkDisable          
8000e134  DMTimerPostedModeConfig             
8000e154  DMTimerModeConfigure                
8000e1b4  DMTimerIntStatusGet                 
8000e1bc  DMTimerIntStatusClear               
8000e1c8  DMTimerIntRawStatusSet              
8000e1d4  DMTimerIntRawStatusGet              
8000e1dc  DMTimerIntEnableGet                 
8000e1e4  DMTimerIntEnable                    
8000e1f0  DMTimerIntDisable                   
8000e1fc  DMTimerGPOConfigure                 
8000e25c  DMTimerEnable                       
8000e290  DMTimerDisable                      
8000e2c4  DMTimerCounterSet                   
8000e2f0  DMTimerCounterGet                   
8000e31c  DMTimerContextSave                  
8000e36c  DMTimerContextRestore               
8000e410  DMTimerCompareSet                   
8000e43c  DMTimerCompareGet                   
8000e444  SetupI2C2                           
8000e68c  I2C2Send                            
8000e71c  I2C2AINTCConfigure                  
8000ea14  newFrame                            
8000eac4  destoryFrame                        
8000ed58  interpreterGetInstance              
8000f014  newImageView                        
8000f080  systemGetInstance                   
8000f330  DigitToASCII                        
8000f368  TimeToStr                           
8000f3f8  ASCIIToDigit                        
8000f458  StrToEthrAddr                       
8000f4c8  EthrAddrToStr                       
8000f53c  DateToStr                           
8000f5cc  IntUnRegister                       
8000f5dc  IntSystemEnable                     
8000f5fc  IntSystemDisable                    
8000f61c  IntSyncClkFreeRunSet                
8000f630  IntSyncClkAutoGateSet               
8000f644  IntSpurIrqFlagGet                   
8000f654  IntSoftwareIntSet                   
8000f670  IntSoftwareIntClear                 
8000f68c  IntRegister                         
8000f698  IntRawStatusGet                     
8000f6b4  IntProtectionEnable                 
8000f6c4  IntProtectionDisable                
8000f6d8  IntPriorityThresholdSet             
8000f6e8  IntPriorityThresholdGet             
8000f6f8  IntPrioritySet                      
8000f70c  IntPendingIrqMaskedStatusGet        
8000f72c  IntIfClkFreeRunSet                  
8000f740  IntIfClkAutoGateSet                 
8000f754  IntFuncClkFreeRunSet                
8000f768  IntFuncClkAutoGateSet               
8000f77c  IntEnable                           
8000f78c  IntDisable                          
8000f7a8  IntCurrIrqPriorityGet               
8000f7b8  IntActiveIrqNumGet                  
8000f7c8  IntAINTCInit                        
8000f840  HSMMCSDIntEnable                    
8000f850  HSMMCSDControllerInit               
8000f910  HSMMCSDCmdSend                      
8000fa0c  HSMMCSDCardPresent                  
8000fa14  HSMMCSDBusWidthConfig               
8000fa28  HSMMCSDBusFreqConfig                
8000faa4  atan2                               
8000faa4  atan2l                              
8000fd00  McSPI1SetUp                         
8000fd9c  McSPI1PinMuxSetup                   
8000fdb4  McSPI1ModuleClkConfig               
8000fea8  McSPI1CSPinMuxSetup                 
8000fed4  McSPI1AintcConfigure                
8000ff24  __vla_alloc                         
80010134  atan                                
80010134  atanl                               
8001033c  strtol                              
80010530  hypot                               
80010530  hypotl                              
80010720  SysdelayUs                          
80010784  SysdelayMs                          
800107ec  SysStopTimer                        
8001080c  SysStartTimer                       
80010850  SysIsTimerElapsed                   
8001085c  SysDelayTimerSetup                  
800108e4  UARTPinMuxSetup                     
80010904  UART0ModuleClkConfig                
80010aa8  ConsoleUtilsSetType                 
80010ac8  ConsoleUtilsScanf                   
80010b14  ConsoleUtilsPuts                    
80010b2c  ConsoleUtilsPutChar                 
80010b4c  ConsoleUtilsPrintf                  
80010b94  ConsoleUtilsGets                    
80010bc4  ConsoleUtilsGetChar                 
80010c6c  GpioPinMuxSetup                     
80010c78  GPIO3ModuleClkConfig                
80010ccc  GPIO2ModuleClkConfig                
80010d20  GPIO1PinMuxSetup                    
80010d30  GPIO1ModuleClkConfig                
80010d84  GPIO0ModuleClkConfig                
80010e2c  aligned_alloc                       
80010e2c  memalign                            
80010fd8  __aeabi_memcpy                      
80010fd8  __aeabi_memcpy4                     
80010fd8  __aeabi_memcpy8                     
80010fd8  memcpy                              
80011158  free                                
800112cc  realloc                             
80011418  floor                               
80011418  floorl                              
80011558  ceil                                
80011558  ceill                               
80011690  McSPI0PinMuxSetup                   
800116a8  McSPI0ModuleClkConfig               
8001179c  McSPI0CSPinMuxSetup                 
800117bc  ldexp                               
800117bc  ldexpl                              
800117bc  scalbn                              
800117bc  scalbnl                             
800118e0  get_fattime                         
800118e8  disk_write                          
80011920  disk_status                         
80011940  disk_read                           
80011978  disk_ioctl                          
80011980  disk_initialize                     
80011a00  __aeabi_idiv                        
80011a00  __aeabi_idivmod                     
80011b30  SVC_Handler                         
80011b58  IRQHandler                          
80011c04  FIQHandler                          
80011c08  AbortHandler                        
80011c08  UndefInstHandler                    
80011c20  __aeabi_uidiv                       
80011c20  __aeabi_uidivmod                    
80011d10  McSPI0SetUp                         
80011da8  McSPI0AintcConfigure                
80011de4  __kernel_sin                        
80011f70  __kernel_cos                        
80012034  __vla_dealloc                       
800120f0  UARTConsolePutc                     
800120f0  UARTPutc                            
800120fc  ConsoleUtilsInit                    
800120fc  UARTConsoleInit                     
800120fc  UARTStdioInit                       
80012184  UARTConsoleGetc                     
80012184  UARTGetc                            
800121a8  MMUMemRegionMap                     
80012214  MMUInit                             
80012248  MMUEnable                           
8001225c  __aeabi_memclr                      
8001225c  __aeabi_memclr4                     
8001225c  __aeabi_memclr8                     
80012260  __aeabi_memset                      
80012260  __aeabi_memset4                     
80012260  __aeabi_memset8                     
8001226c  memset                              
800123bc  MMUConfigAndEnable                  
8001245c  round                               
8001245c  roundl                              
800124e4  CacheEnable                         
80012528  CacheDisable                        
80012564  __TI_auto_init_nobinit_nopinit      
800125cc  CPUirqe                             
800125cc  IntMasterIRQEnable                  
800125dc  CPUirqd                             
800125dc  IntMasterIRQDisable                 
800125ec  CPUfiqe                             
800125ec  IntMasterFIQEnable                  
800125fc  CPUfiqd                             
800125fc  IntMasterFIQDisable                 
8001260c  CPUSwitchToUserMode                 
80012620  CPUSwitchToPrivilegedMode           
80012628  CPUAbortHandler                     
8001262c  HSMMCSDPinMuxSetup                  
80012658  HSMMCSDModuleClkConfig              
800126c4  crc16_ccitt                         
80012700  sqrt                                
80012700  sqrtl                               
80012738  start_boot                          
80012770  memcmp                              
800127d4  strchr                              
8001281c  copysign                            
8001281c  copysignl                           
8001283c  maxul                               
80012858  calcOffsetDef                       
8001286c  CPUIntStatus                        
8001286c  IntMasterStatusGet                  
80012878  __aeabi_errno_addr                  
80012884  malloc                              
80012890  C$$EXIT                             
80012890  abort                               
80012898  __abort_execution                   
8001289c  _nop                                
800128a0  __aeabi_idiv0                       
800128a0  __aeabi_ldiv0                       
800128a8  MiniFontArray                       
80012ea8  _ctypes_                            
80013148  MiniIconArray                       
80013170  INTERNAL_FONT                       
80013224  COLOR                               
80013300  sdCard                              
80013360  ctrlInfo                            
80013744  PlanBlockBuffer                     
80013750  acceleration                        
80013758  max_xy_jerk                         
80013760  max_z_jerk                          
80013780  axis_steps_per_unit                 
8001378c  max_acceleration_units_per_sq_second
800137c8  max_feedrate                        
80013928  _lock                               
8001392c  _unlock                             
80013948  errno                               
80014000  PageTable                           
80014000  bss_start                           
80018000  fnRAMVectors                        
80018338  fat_devices                         
80018380  block_buffer_head                   
80018384  block_buffer_tail                   
8001838b  bss_end                             
80018390  _sys_memory                         
8ff80000  __stack                             
90000000  __STACK_END                         
ffffffff  __TI_pprof_out_hndl                 
ffffffff  __TI_prof_data_size                 
ffffffff  __TI_prof_data_start                
ffffffff  __binit__                           
ffffffff  __c_args__                          
ffffffff  binit                               
UNDEFED   __TI_CINIT_Base                     
UNDEFED   __TI_CINIT_Limit                    
UNDEFED   __TI_Handler_Table_Base             
UNDEFED   __TI_Handler_Table_Limit            
UNDEFED   _system_post_cinit                  

[583 symbols]
